// Jest Snapshot v1, https://goo.gl/fbAQLP

exports[`renders the component 1`] = `
<div
  className="App"
>
  00
  :
  00
  :
  00
  :
  00
  <button
    onClick={[Function]}
  >
    Start
  </button>
  <button
    onClick={[Function]}
  >
    Pause
  </button>
  <button
    onClick={[Function]}
  >
    Stop
  </button>
</div>
`;
